[backblue.gif]
[fade.gif]
[index.html]
[edusp-static.ip.tv/sala-do-futuro/conteudo_logo.png]
[cdn.jsdelivr.net/npm/quill@2.0.0-rc.2/dist/quill.snow.css]
[cdn.jsdelivr.net/npm/katex@0.16.9/dist/katex.min.css]
[js-cdn.dynatrace.com/jstag/17cdb8fd6ce/ruxitagent_ICA7NQVfqrux_10323250822043923.js]
[saladofuturo.educacao.sp.gov.br/js/runtime-app.cec1812c.js]
[saladofuturo.educacao.sp.gov.br/js/3085.a8d35952.js]
[saladofuturo.educacao.sp.gov.br/js/app.4a3df0ab.js]
[saladofuturo.educacao.sp.gov.br/index.html]
[cdn.jsdelivr.net/npm/quill@2.0.0-rc.2/dist/quill.snow.css]
[cdn.jsdelivr.net/npm/katex@0.16.9/dist/fonts/KaTeX_AMS-Regular.woff2]
[cdn.jsdelivr.net/npm/katex@0.16.9/dist/fonts/KaTeX_AMS-Regular.woff]
[cdn.jsdelivr.net/npm/katex@0.16.9/dist/fonts/KaTeX_AMS-Regular.ttf]
[cdn.jsdelivr.net/npm/katex@0.16.9/dist/fonts/KaTeX_Caligraphic-Bold.woff2]
[cdn.jsdelivr.net/npm/katex@0.16.9/dist/fonts/KaTeX_Caligraphic-Bold.woff]
[cdn.jsdelivr.net/npm/katex@0.16.9/dist/fonts/KaTeX_Caligraphic-Bold.ttf]
[cdn.jsdelivr.net/npm/katex@0.16.9/dist/fonts/KaTeX_Caligraphic-Regular.woff2]
[cdn.jsdelivr.net/npm/katex@0.16.9/dist/fonts/KaTeX_Caligraphic-Regular.woff]
[cdn.jsdelivr.net/npm/katex@0.16.9/dist/fonts/KaTeX_Caligraphic-Regular.ttf]
[cdn.jsdelivr.net/npm/katex@0.16.9/dist/fonts/KaTeX_Fraktur-Bold.woff2]
[cdn.jsdelivr.net/npm/katex@0.16.9/dist/fonts/KaTeX_Fraktur-Bold.woff]
[cdn.jsdelivr.net/npm/katex@0.16.9/dist/fonts/KaTeX_Fraktur-Bold.ttf]
[cdn.jsdelivr.net/npm/katex@0.16.9/dist/fonts/KaTeX_Fraktur-Regular.woff2]
[cdn.jsdelivr.net/npm/katex@0.16.9/dist/fonts/KaTeX_Fraktur-Regular.woff]
[cdn.jsdelivr.net/npm/katex@0.16.9/dist/fonts/KaTeX_Fraktur-Regular.ttf]
[cdn.jsdelivr.net/npm/katex@0.16.9/dist/fonts/KaTeX_Main-Bold.woff2]
[cdn.jsdelivr.net/npm/katex@0.16.9/dist/fonts/KaTeX_Main-Bold.woff]
[cdn.jsdelivr.net/npm/katex@0.16.9/dist/fonts/KaTeX_Main-Bold.ttf]
[cdn.jsdelivr.net/npm/katex@0.16.9/dist/fonts/KaTeX_Main-BoldItalic.woff2]
[cdn.jsdelivr.net/npm/katex@0.16.9/dist/fonts/KaTeX_Main-BoldItalic.woff]
[cdn.jsdelivr.net/npm/katex@0.16.9/dist/fonts/KaTeX_Main-BoldItalic.ttf]
[cdn.jsdelivr.net/npm/katex@0.16.9/dist/fonts/KaTeX_Main-Italic.woff2]
[cdn.jsdelivr.net/npm/katex@0.16.9/dist/fonts/KaTeX_Main-Italic.woff]
[cdn.jsdelivr.net/npm/katex@0.16.9/dist/fonts/KaTeX_Main-Italic.ttf]
[cdn.jsdelivr.net/npm/katex@0.16.9/dist/fonts/KaTeX_Main-Regular.woff2]
[cdn.jsdelivr.net/npm/katex@0.16.9/dist/fonts/KaTeX_Main-Regular.woff]
[cdn.jsdelivr.net/npm/katex@0.16.9/dist/fonts/KaTeX_Main-Regular.ttf]
[cdn.jsdelivr.net/npm/katex@0.16.9/dist/fonts/KaTeX_Math-BoldItalic.woff2]
[cdn.jsdelivr.net/npm/katex@0.16.9/dist/fonts/KaTeX_Math-BoldItalic.woff]
[cdn.jsdelivr.net/npm/katex@0.16.9/dist/fonts/KaTeX_Math-BoldItalic.ttf]
[cdn.jsdelivr.net/npm/katex@0.16.9/dist/fonts/KaTeX_Math-Italic.woff2]
[cdn.jsdelivr.net/npm/katex@0.16.9/dist/fonts/KaTeX_Math-Italic.woff]
[cdn.jsdelivr.net/npm/katex@0.16.9/dist/fonts/KaTeX_Math-Italic.ttf]
[cdn.jsdelivr.net/npm/katex@0.16.9/dist/fonts/KaTeX_SansSerif-Bold.woff2]
[cdn.jsdelivr.net/npm/katex@0.16.9/dist/fonts/KaTeX_SansSerif-Bold.woff]
[cdn.jsdelivr.net/npm/katex@0.16.9/dist/fonts/KaTeX_SansSerif-Bold.ttf]
[cdn.jsdelivr.net/npm/katex@0.16.9/dist/fonts/KaTeX_SansSerif-Italic.woff2]
[cdn.jsdelivr.net/npm/katex@0.16.9/dist/fonts/KaTeX_SansSerif-Italic.woff]
[cdn.jsdelivr.net/npm/katex@0.16.9/dist/fonts/KaTeX_SansSerif-Italic.ttf]
[cdn.jsdelivr.net/npm/katex@0.16.9/dist/fonts/KaTeX_SansSerif-Regular.woff2]
[cdn.jsdelivr.net/npm/katex@0.16.9/dist/fonts/KaTeX_SansSerif-Regular.woff]
[cdn.jsdelivr.net/npm/katex@0.16.9/dist/fonts/KaTeX_SansSerif-Regular.ttf]
[cdn.jsdelivr.net/npm/katex@0.16.9/dist/fonts/KaTeX_Script-Regular.woff2]
[cdn.jsdelivr.net/npm/katex@0.16.9/dist/fonts/KaTeX_Script-Regular.woff]
[cdn.jsdelivr.net/npm/katex@0.16.9/dist/fonts/KaTeX_Script-Regular.ttf]
[cdn.jsdelivr.net/npm/katex@0.16.9/dist/fonts/KaTeX_Size1-Regular.woff2]
[cdn.jsdelivr.net/npm/katex@0.16.9/dist/fonts/KaTeX_Size1-Regular.woff]
[cdn.jsdelivr.net/npm/katex@0.16.9/dist/fonts/KaTeX_Size1-Regular.ttf]
[cdn.jsdelivr.net/npm/katex@0.16.9/dist/fonts/KaTeX_Size2-Regular.woff2]
[cdn.jsdelivr.net/npm/katex@0.16.9/dist/fonts/KaTeX_Size2-Regular.woff]
[cdn.jsdelivr.net/npm/katex@0.16.9/dist/fonts/KaTeX_Size2-Regular.ttf]
[cdn.jsdelivr.net/npm/katex@0.16.9/dist/fonts/KaTeX_Size3-Regular.woff2]
[cdn.jsdelivr.net/npm/katex@0.16.9/dist/fonts/KaTeX_Size3-Regular.woff]
[cdn.jsdelivr.net/npm/katex@0.16.9/dist/fonts/KaTeX_Size3-Regular.ttf]
[cdn.jsdelivr.net/npm/katex@0.16.9/dist/fonts/KaTeX_Size4-Regular.woff2]
[cdn.jsdelivr.net/npm/katex@0.16.9/dist/fonts/KaTeX_Size4-Regular.woff]
[cdn.jsdelivr.net/npm/katex@0.16.9/dist/fonts/KaTeX_Size4-Regular.ttf]
[cdn.jsdelivr.net/npm/katex@0.16.9/dist/fonts/KaTeX_Typewriter-Regular.woff2]
[cdn.jsdelivr.net/npm/katex@0.16.9/dist/fonts/KaTeX_Typewriter-Regular.woff]
[cdn.jsdelivr.net/npm/katex@0.16.9/dist/katex.min.css]
[js-cdn.dynatrace.com/jstag/17cdb8fd6ce/bf10005oro/892779e3f1a828cf_complete.json]
[cdn.jsdelivr.net/npm/katex@0.16.9/dist/fonts/KaTeX_Typewriter-Regular.ttf]
[saladofuturo.educacao.sp.gov.br/3ac28a6ac03a9f7f3d82.woff]
[saladofuturo.educacao.sp.gov.br/css/3085.b65870be.css]
